2026-09-18 11:37:16.708: [INFO] CurrentProfilePath: C:\Users\ADMIN\source\repos\CameraMonitorApp\bin\Debug\net8.0-windows\CameraMonitorApp.exe.WebView2\EBWebView\Default
2026-09-18 11:37:16.708: [INFO] Profiles total count: 1
2026-09-18 11:37:16.708: [INFO] Profile: name=Profile 1 path=C:\Users\ADMIN\source\repos\CameraMonitorApp\bin\Debug\net8.0-windows\CameraMonitorApp.exe.WebView2\EBWebView\Default lastActive=null
2026-09-18 11:37:16.708: [INFO] LastUsedProfileDir: C:\Users\ADMIN\source\repos\CameraMonitorApp\bin\Debug\net8.0-windows\CameraMonitorApp.exe.WebView2\EBWebView\Default
2026-09-18 11:37:16.708: [INFO] OnDoneLoading sync enabled: 0
2026-09-18 11:37:16.708: [INFO] BookmarkModelLoaded, ids_reassigned: 0
2026-09-18 11:37:16.708: [INFO] BookmarksLoadDropped droppedNodes=0
2026-09-18 11:37:16.708: [INFO] BookmarksSnapshot Startup total=0 bar=0 other=0 mobile=0 showBar=0 showBarNTP=1
2026-09-18 11:37:47.378: [INFO] BookmarksSnapshot Shutdown total=0 bar=0 other=0 mobile=0 showBar=0 showBarNTP=1
2026-09-18 11:38:30.568: [INFO] CurrentProfilePath: C:\Users\ADMIN\source\repos\CameraMonitorApp\bin\Debug\net8.0-windows\CameraMonitorApp.exe.WebView2\EBWebView\Default
2026-09-18 11:38:30.568: [INFO] Profiles total count: 1
2026-09-18 11:38:30.568: [INFO] Profile: name=Profile 1 path=C:\Users\ADMIN\source\repos\CameraMonitorApp\bin\Debug\net8.0-windows\CameraMonitorApp.exe.WebView2\EBWebView\Default lastActive=null
2026-09-18 11:38:30.568: [INFO] LastUsedProfileDir: C:\Users\ADMIN\source\repos\CameraMonitorApp\bin\Debug\net8.0-windows\CameraMonitorApp.exe.WebView2\EBWebView\Default
2026-09-18 11:38:30.568: [INFO] OnDoneLoading sync enabled: 0
2026-09-18 11:38:30.568: [INFO] BookmarkModelLoaded, ids_reassigned: 0
2026-09-18 11:38:30.568: [INFO] BookmarksLoadDropped droppedNodes=0
2026-09-18 11:38:30.568: [INFO] BookmarksSnapshot Startup total=0 bar=0 other=0 mobile=0 showBar=0 showBarNTP=1
2026-09-18 11:38:38.028: [INFO] BookmarksSnapshot Shutdown total=0 bar=0 other=0 mobile=0 showBar=0 showBarNTP=1
2026-09-18 11:41:39.451: [INFO] CurrentProfilePath: C:\Users\ADMIN\source\repos\CameraMonitorApp\bin\Debug\net8.0-windows\CameraMonitorApp.exe.WebView2\EBWebView\Default
2026-09-18 11:41:39.451: [INFO] Profiles total count: 1
2026-09-18 11:41:39.451: [INFO] Profile: name=Profile 1 path=C:\Users\ADMIN\source\repos\CameraMonitorApp\bin\Debug\net8.0-windows\CameraMonitorApp.exe.WebView2\EBWebView\Default lastActive=null
2026-09-18 11:41:39.451: [INFO] LastUsedProfileDir: C:\Users\ADMIN\source\repos\CameraMonitorApp\bin\Debug\net8.0-windows\CameraMonitorApp.exe.WebView2\EBWebView\Default
2026-09-18 11:41:39.451: [INFO] OnDoneLoading sync enabled: 0
2026-09-18 11:41:39.451: [INFO] BookmarkModelLoaded, ids_reassigned: 0
2026-09-18 11:41:39.451: [INFO] BookmarksLoadDropped droppedNodes=0
2026-09-18 11:41:39.451: [INFO] BookmarksSnapshot Startup total=0 bar=0 other=0 mobile=0 showBar=0 showBarNTP=1
2026-09-18 11:43:52.088: [INFO] BookmarksSnapshot Shutdown total=0 bar=0 other=0 mobile=0 showBar=0 showBarNTP=1
2026-09-18 11:44:22.499: [INFO] CurrentProfilePath: C:\Users\ADMIN\source\repos\CameraMonitorApp\bin\Debug\net8.0-windows\CameraMonitorApp.exe.WebView2\EBWebView\Default
2026-09-18 11:44:22.499: [INFO] Profiles total count: 1
2026-09-18 11:44:22.499: [INFO] Profile: name=Profile 1 path=C:\Users\ADMIN\source\repos\CameraMonitorApp\bin\Debug\net8.0-windows\CameraMonitorApp.exe.WebView2\EBWebView\Default lastActive=null
2026-09-18 11:44:22.499: [INFO] LastUsedProfileDir: C:\Users\ADMIN\source\repos\CameraMonitorApp\bin\Debug\net8.0-windows\CameraMonitorApp.exe.WebView2\EBWebView\Default
2026-09-18 11:44:22.499: [INFO] OnDoneLoading sync enabled: 0
2026-09-18 11:44:22.499: [INFO] BookmarkModelLoaded, ids_reassigned: 0
2026-09-18 11:44:22.499: [INFO] BookmarksLoadDropped droppedNodes=0
2026-09-18 11:44:22.499: [INFO] BookmarksSnapshot Startup total=0 bar=0 other=0 mobile=0 showBar=0 showBarNTP=1
2026-09-18 11:44:53.353: [INFO] BookmarksSnapshot Shutdown total=0 bar=0 other=0 mobile=0 showBar=0 showBarNTP=1
2026-09-30 13:26:36.033: [INFO] CurrentProfilePath: C:\Users\ADMIN\source\repos\CameraMonitorApp\bin\Debug\net8.0-windows\CameraMonitorApp.exe.WebView2\EBWebView\Default
2026-09-30 13:26:36.033: [INFO] Profiles total count: 1
2026-09-30 13:26:36.033: [INFO] Profile: name=Profile 1 path=C:\Users\ADMIN\source\repos\CameraMonitorApp\bin\Debug\net8.0-windows\CameraMonitorApp.exe.WebView2\EBWebView\Default lastActive=null
2026-09-30 13:26:36.033: [INFO] LastUsedProfileDir: C:\Users\ADMIN\source\repos\CameraMonitorApp\bin\Debug\net8.0-windows\CameraMonitorApp.exe.WebView2\EBWebView\Default
2026-09-30 13:26:36.033: [INFO] OnDoneLoading sync enabled: 0
2026-09-30 13:26:36.033: [INFO] BookmarkModelLoaded, ids_reassigned: 0
2026-09-30 13:26:36.033: [INFO] BookmarksLoadDropped droppedNodes=0
2026-09-30 13:26:36.033: [INFO] BookmarksSnapshot Startup total=0 bar=0 other=0 mobile=0 showBar=0 showBarNTP=1
2026-09-30 13:31:12.800: [INFO] BookmarksSnapshot Shutdown total=0 bar=0 other=0 mobile=0 showBar=0 showBarNTP=1
