{"logTime": "0918/113716", "level": "INFO", "message": "UserPrefStore loaded: error=NO_FILE (6)"}
{"logTime": "0918/113830", "level": "INFO", "message": "UserPrefStore loaded: error=NONE (0)"}
{"logTime": "0918/114139", "level": "INFO", "message": "UserPrefStore loaded: error=NONE (0)"}
{"logTime": "0918/114422", "level": "INFO", "message": "UserPrefStore loaded: error=NONE (0)"}
{"logTime": "0930/132636", "level": "INFO", "message": "UserPrefStore loaded: error=NONE (0)"}
{"logTime": "0930/132636", "level": "INFO", "message": "Preference changed: name=extensions.last_chrome_version, new_value=\"154.0.4258.37\", source=unknown"}
{"logTime": "0930/132636", "level": "INFO", "message": "Preference changed: name=gaia_cookie.periodic_report_time_2, new_value=\"13435248396011755\", source=unknown"}
{"logTime": "0930/132636", "level": "INFO", "message": "Preference changed: name=optimization_guide.previously_registered_optimization_types, new_value=[object], source=unknown"}
{"logTime": "0930/132636", "level": "INFO", "message": "Preference changed: name=extensions.chrome_url_overrides, new_value=[object], source=unknown"}
{"logTime": "0930/132636", "level": "INFO", "message": "Preference changed: name=sessions.session_data_status, new_value=1, source=unknown"}
{"logTime": "0930/132636", "level": "INFO", "message": "Preference changed: name=sessions.event_log, new_value=[object], source=unknown"}
{"logTime": "0930/132636", "level": "INFO", "message": "Preference changed: name=optimization_guide.previously_registered_optimization_types, new_value=[object], source=unknown"}
{"logTime": "0930/132636", "level": "INFO", "message": "Preference changed: name=optimization_guide.previously_registered_optimization_types, new_value=[object], source=unknown"}
{"logTime": "0930/132636", "level": "INFO", "message": "Preference changed: name=optimization_guide.previously_registered_optimization_types, new_value=[object], source=unknown"}
{"logTime": "0930/132636", "level": "INFO", "message": "Preference changed: name=optimization_guide.previously_registered_optimization_types, new_value=[object], source=unknown"}
{"logTime": "0930/132636", "level": "INFO", "message": "Preference changed: name=optimization_guide.previously_registered_optimization_types, new_value=[object], source=unknown"}
{"logTime": "0930/132636", "level": "INFO", "message": "Preference changed: name=profile.network_pbs, new_value=[object], source=unknown"}
{"logTime": "0930/132636", "level": "INFO", "message": "Preference changed: name=extensions.settings, new_value=[object], source=unknown"}
{"logTime": "0930/132636", "level": "INFO", "message": "Preference changed: name=extensions.settings, new_value=[object], source=unknown"}
{"logTime": "0930/132636", "level": "INFO", "message": "Preference changed: name=profile.password_hash_data_list, new_value=[object], source=unknown"}
{"logTime": "0930/132636", "level": "INFO", "message": "Preference changed: name=schedule_to_flush_to_disk, new_value=\"13435248396032184\", source=unknown"}
{"logTime": "0930/132636", "level": "INFO", "message": "Preference changed: name=schedule_to_flush_to_disk, new_value=\"13435248396032728\", source=unknown"}
{"logTime": "0930/132636", "level": "INFO", "message": "Preference changed: name=muid.last_sync, new_value=\"13435248396033197\", source=unknown"}
{"logTime": "0930/132636", "level": "INFO", "message": "Preference changed: name=bookmark.storage_computation_last_update, new_value=\"13435248396033344\", source=unknown"}
{"logTime": "0930/132636", "level": "INFO", "message": "Preference changed: name=commerce_daily_metrics_last_update_time, new_value=\"13435248396034190\", source=unknown"}
{"logTime": "0930/132636", "level": "INFO", "message": "Preference changed: name=extensions.chrome_url_overrides, new_value=[object], source=unknown"}
{"logTime": "0930/132636", "level": "INFO", "message": "Preference changed: name=edge.services.signin_scoped_device_id, new_value=\"a2139a55-453a-41f1-b8ff-2a43050aceff\", source=unknown"}
{"logTime": "0930/132636", "level": "INFO", "message": "Preference changed: name=account_tracker_service_last_update, new_value=\"13435248396038048\", source=unknown"}
{"logTime": "0930/132636", "level": "INFO", "message": "Preference changed: name=autofill.last_version_deduped, new_value=154, source=unknown"}
{"logTime": "0930/132636", "level": "INFO", "message": "Preference changed: name=optimization_guide.previously_registered_optimization_types, new_value=[object], source=unknown"}
{"logTime": "0930/132636", "level": "INFO", "message": "Preference changed: name=autofill.credit_card_enabled, new_value=false, source=unknown"}
{"logTime": "0930/132636", "level": "INFO", "message": "Preference changed: name=enable_edge_collections, new_value=false, source=unknown"}
{"logTime": "0930/132636", "level": "INFO", "message": "Preference changed: name=resolve_navigation_errors_use_web_service.enabled, new_value=false, source=unknown"}
{"logTime": "0930/132636", "level": "INFO", "message": "Preference changed: name=alternate_error_pages.enabled, new_value=false, source=unknown"}
{"logTime": "0930/132636", "level": "INFO", "message": "Preference changed: name=optimization_guide.previously_registered_optimization_types, new_value=[object], source=unknown"}
{"logTime": "0930/132636", "level": "INFO", "message": "Preference changed: name=in_product_help.session_start_time, new_value=\"13435248396073238\", source=unknown"}
{"logTime": "0930/132636", "level": "INFO", "message": "Preference changed: name=in_product_help.session_number, new_value=3, source=unknown"}
{"logTime": "0930/132636", "level": "INFO", "message": "Preference changed: name=in_product_help.session_last_active_time, new_value=\"13435248396073238\", source=unknown"}
{"logTime": "0930/132636", "level": "INFO", "message": "Preference changed: name=in_product_help.recent_session_start_times, new_value=[object], source=unknown"}
{"logTime": "0930/132636", "level": "INFO", "message": "Preference changed: name=optimization_guide.previously_registered_optimization_types, new_value=[object], source=unknown"}
{"logTime": "0930/132636", "level": "INFO", "message": "Preference changed: name=profile.content_settings.exceptions.storage_access_header_origin_trial, new_value=[object], source=unknown"}
{"logTime": "0930/132636", "level": "INFO", "message": "Preference changed: name=autocomplete.retention_policy_last_version, new_value=154, source=unknown"}
{"logTime": "0930/132636", "level": "INFO", "message": "Preference changed: name=edge_rewards.refresh_status_muted_until, new_value=\"13435853196178983\", source=unknown"}
{"logTime": "0930/132636", "level": "INFO", "message": "Preference changed: name=fsd.retention_policy_last_version, new_value=154, source=unknown"}
{"logTime": "0930/132646", "level": "INFO", "message": "PrefStore write completed: store=4, success=true"}
{"logTime": "0930/132646", "level": "INFO", "message": "PrefStore write completed: store=4, success=true"}
{"logTime": "0930/132646", "level": "INFO", "message": "Preference changed: name=edge.bookmarks.last_dup_info_record_time, new_value=\"13435248406039530\", source=unknown"}
{"logTime": "0930/132656", "level": "INFO", "message": "PrefStore write completed: store=4, success=true"}
{"logTime": "0930/132706", "level": "INFO", "message": "Preference changed: name=profile.last_time_password_store_metrics_reported, new_value=1790774826.017241, source=unknown"}
{"logTime": "0930/132706", "level": "INFO", "message": "Preference changed: name=edge_wallet.passwords.password_lost_report_date, new_value=\"13435248426017324\", source=unknown"}
{"logTime": "0930/132716", "level": "INFO", "message": "PrefStore write completed: store=4, success=true"}
{"logTime": "0930/133112", "level": "INFO", "message": "Preference changed: name=sessions.session_data_status, new_value=2, source=unknown"}
{"logTime": "0930/133112", "level": "INFO", "message": "Preference changed: name=sessions.session_data_status, new_value=3, source=unknown"}
{"logTime": "0930/133112", "level": "INFO", "message": "Preference changed: name=sessions.event_log, new_value=[object], source=unknown"}
